index,原句子,扩充句子1,扩充句子2,扩充句子3,扩充句子4
0,nova-compute.log.1.2017-05-16_13:55:31
2017-05-16 00:00:20.349 2931 INFO nova.virt.libvirt.imagecache [req-addc1839-2ed5-4778-b57e-5854eb7b8b09 - - - - -] Removing base or swap file: /var/lib/nova/instances/_base/a489c868f0c37da93b76227c91bb03908ac0e742,以下是构造的 10 条类似的数据，仅改变了变量或参数：,,### 数据 1,```,nova-compute.log.2.2023-10-20_15:22:45
2023-10-20 01:10:15.234 3210 INFO nova.virt.libvirt.imagecache [req-b1234567-89ab-cdef-0123-456789abcdef - - - - -] Removing base or swap file: /var/lib/nova/instances/_base/b123456789abcdef0123456789abcdef,```,,### 数据 2,```,nova-compute.log.3.2022-07-12_09:33:11
2022-07-12 02:20:30.456 4567 INFO nova.virt.libvirt.imagecache [req-c2345678-9abc-def0-1234-56789abcdef0 - - - - -] Removing base or swap file: /var/lib/nova/instances/_base/c23456789abcdef0123456789abcdef,```,,### 数据 3,```,nova-compute.log.4.2024-01-30_22:05:55
2024-01-30 03:30:45.678 5678 INFO nova.virt.libvirt.imagecache [req-d3456789-abcdef-0123-4567-89abcdef0123 - - - - -] Removing base or swap file: /var/lib/nova/instances/_base/d3456789abcdef0123456789abcdef,```,,### 数据 4,```,nova-compute.log.5.2021-09-18_17:44:22
2021-09-18 04:40:00.789 6789 INFO nova.virt.libvirt.imagecache [req-e456789a-bcdef0-1234-5678-9abcdef01234 - - - - -] Removing base or swap file: /var/lib/nova/instances/_base/e456789abcdef0123456789abcdef,```,,### 数据 5,```,nova-compute.log.6.2023-11-25_11:11:33
2023-11-25 05:50:15.890 7890 INFO nova.virt.libvirt.imagecache [req-f56789ab-cdef01-2345-6789-abcdef012345 - - - - -] Removing base or swap file: /var/lib/nova/instances/_base/f56789abcdef0123456789abcdef,```,,### 数据 6,```,nova-compute.log.7.2022-06-05_03:22:44
2022-06-05 06:60:30.901 8901 INFO nova.virt.libvirt.imagecache [req-g6789abc-def012-3456-789a-bcdef0123456 - - - - -] Removing base or swap file: /var/lib/nova/instances/_base/g6789abcdef0123456789abcdef,```,,### 数据 7,```,nova-compute.log.8.2024-02-19_19:55:55
2024-02-19 07:70:45.012 9012 INFO nova.virt.libvirt.imagecache [req-h789abcd-ef0123-4567-89ab-cdef01234567 - - - - -] Removing base or swap file: /var/lib/nova/instances/_base/h789abcdef0123456789abcdef,```,,### 数据 8,```,nova-compute.log.9.2021-12-31_23:00:00
2021-12-31 08:80:00.123 1234 INFO nova.virt.libvirt.imagecache [req-i89abcde-f01234-5678-9abc-def012345678 - - - - -] Removing base or swap file: /var/lib/nova/instances/_base/i89abcdef0123456789abcdef,```,,### 数据 9,```,nova-compute.log.10.2023-08-08_14:33:22
2023-08-08 09:90:15.234 2345 INFO nova.virt.libvirt.imagecache [req-j9abcdef-012345-6789-abcd-ef0123456789 - - - - -] Removing base or swap file: /var/lib/nova/instances/_base/j9abcdef0123456789abcdef,```,,### 数据 10,```,nova-compute.log.11.2022-03-17_06:44:11
2022-03-17 10:10:30.345 3456 INFO nova.virt.libvirt.imagecache [req-kabcdef0-123456-789a-bcde-f0123456789a - - - - -] Removing base or swap file: /var/lib/nova/instances/_base/kabcdef0123456789abcdef,```,,这些数据在日志文件名、日期时间、进程 ID、请求 ID 和文件路径的哈希值部分做了修改，保持了整体的格式和语义一致。 
1,nova-compute.log.1.2017-05-16_13:55:31
2017-05-16 00:00:05.185 2931 INFO nova.virt.libvirt.imagecache [req-addc1839-2ed5-4778-b57e-5854eb7b8b09 - - - - -] image 0673dd71-34c5-4fbb-86c4-40623fbe45b4 at (/var/lib/nova/instances/_base/a489c868f0c37da93b76227c91bb03908ac0e742): checking,以下是构造的10条类似的数据，通过改变日志文件名的日期、日志记录的日期时间、进程ID、请求ID、镜像ID和镜像存储路径等变量或参数得到：,,### 数据1,```,nova-compute.log.1.2017-06-17_14:00:32
2017-06-17 01:01:06.286 2932 INFO nova.virt.libvirt.imagecache [req-bbdd2940-3fd6-5889-c68f-6965fc8c9c10 - - - - -] image 1784ee82-45d6-50cc-97d5-517340cf56c5 at (/var/lib/nova/instances/_base/b59ac979f1d48eb04c7733d0a2cc14a19bd1f853): checking,```,,### 数据2,```,nova-compute.log.1.2017-07-18_14:05:33
2017-07-18 02:02:07.387 2933 INFO nova.virt.libvirt.imagecache [req-ccff3a51-4ge7-699a-d790-70760d9d0d21 - - - - -] image 2895ff93-56e7-61dd-a8e6-628451df67d6 at (/var/lib/nova/instances/_base/c6abc08ac2e59fc15d8844e1b3dd25b2aed20964): checking,```,,### 数据3,```,nova-compute.log.1.2017-08-19_14:10:34
2017-08-19 03:03:08.488 2934 INFO nova.virt.libvirt.imagecache [req-ddgg4b62-5hf8-7aab-e8a1-81871eae1e32 - - - - -] image 3906gg04-67f8-72ee-b9f7-739562ef78e7 at (/var/lib/nova/instances/_base/d7bcd19bd3f6a0d26e9955f2c4ee36c3bfd31a75): checking,```,,### 数据4,```,nova-compute.log.1.2017-09-20_14:15:35
2017-09-20 04:04:09.589 2935 INFO nova.virt.libvirt.imagecache [req-eehh5c73-6ij9-8bbc-f9b2-92982fbf2f43 - - - - -] image 4017hh15-78g9-83ff-ca08-840673fa89f8 at (/var/lib/nova/instances/_base/e8cdd2aec4g7b1e37f006603d5ff47d4cfe42b86): checking,```,,### 数据5,```,nova-compute.log.1.2017-10-21_14:20:36
2017-10-21 05:05:10.690 2936 INFO nova.virt.libvirt.imagecache [req-ffii6d84-7jk0-9ccd-ga19-03093gbg3g54 - - - - -] image 5128ii26-89h0-94gg-db1a-951784gb90g9 at (/var/lib/nova/instances/_base/f9dee3bfd5h8c2f48g117714e6gg58e5dgf53c97): checking,```,,### 数据6,```,nova-compute.log.1.2017-11-22_14:25:37
2017-11-22 06:06:11.791 2937 INFO nova.virt.libvirt.imagecache [req-ggjj7e95-8kl1-aadd-hb2a-14104hch4h65 - - - - -] image 6239jj37-90i1-a5hh-ec2b-062895hc01h0 at (/var/lib/nova/instances/_base/g0eff4c0e6i9d3g59h228825f7hh69f6egh64d08): checking,```,,### 数据7,```,nova-compute.log.1.2017-12-23_14:30:38
2017-12-23 07:07:12.892 2938 INFO nova.virt.libvirt.imagecache [req-hhkk8f06-9lm2-bbee-ic3c-25215idid5i76 - - - - -] image 7340kk48-01j2-b6ii-fd3d-173906id12i1 at (/var/lib/nova/instances/_base/h1f0f5d1f7j0e4h6aj339936g8ii70g7fii75e19): checking,```,,### 数据8,```,nova-compute.log.1.2018-01-24_14:35:39
2018-01-24 08:08:13.993 2939 INFO nova.virt.libvirt.imagecache [req-ii ll9g17-0mn3-ccff-jd4e-36326jeje6j87 - - - - -] image 8451ll59-12k3-c7jj-ge4f-284017je23j2 at (/var/lib/nova/instances/_base/i201f6e2f8k1f5i7bk440047h9jj81h8gjj86f2a): checking,```,,### 数据9,```,nova-compute.log.1.2018-02-25_14:40:40
2018-02-25 09:09:14.094 2940 INFO nova.virt.libvirt.imagecache [req-jjmm0h28-1no4-ddgg-kf5g-47437kfk7k98 - - - - -] image 9562mm60-23l4-d8kk-hf5g-395128kf34k3 at (/var/lib/nova/instances/_base/j312g7f3g9l2g6j8cl551158i0kk92i9hkk97g3b): checking,```,,### 数据10,```,nova-compute.log.1.2018-03-26_14:45:41
2018-03-26 10:10:15.195 2941 INFO nova.virt.libvirt.imagecache [req-kknn1i39-2op5-eehh-lg6h-58548lgl8l09 - - - - -] image 0673nn71-34m5-e9ll-ig6h-406239lg45l4 at (/var/lib/nova/instances/_base/k423h8g4h0m3h7k9dm662269j1ll03j0i ll08h4c): checking,```,,这些数据遵循了原始数据的格式，只是修改了部分关键变量和参数，用于模拟不同时间、不同请求和不同镜像的日志记录。 
2,nova-compute.log.1.2017-05-16_13:55:31
2017-05-16 00:00:14.329 2931 INFO nova.compute.resource_tracker [req-addc1839-2ed5-4778-b57e-5854eb7b8b09 - - - - -] Compute_service record updated for cp-1.slowvm1.tcloud-pg0.utah.cloudlab.us:cp-1.slowvm1.tcloud-pg0.utah.cloudlab.us,以下是构造的10条类似的数据，主要改变了日志文件名中的日期、日志记录的日期时间、进程ID、请求ID和主机名：,,### 1.,```,nova-compute.log.1.2017-06-17_14:05:42
2017-06-17 01:10:25.430 2932 INFO nova.compute.resource_tracker [req-bbdd2940-3fe6-5889-c68f-6965fc8c9c10 - - - - -] Compute_service record updated for cp-2.slowvm2.tcloud-pg1.utah.cloudlab.us:cp-2.slowvm2.tcloud-pg1.utah.cloudlab.us,```,,### 2.,```,nova-compute.log.1.2017-07-18_15:15:53
2017-07-18 02:20:36.531 2933 INFO nova.compute.resource_tracker [req-ccdd3a51-4ge7-6990-d79g-7a76gd9d0d11 - - - - -] Compute_service record updated for cp-3.slowvm3.tcloud-pg2.utah.cloudlab.us:cp-3.slowvm3.tcloud-pg2.utah.cloudlab.us,```,,### 3.,```,nova-compute.log.1.2017-08-19_16:25:04
2017-08-19 03:30:47.632 2934 INFO nova.compute.resource_tracker [req-ddee4b62-5hf8-7a01-e8ah-8b87he0e1e12 - - - - -] Compute_service record updated for cp-4.slowvm4.tcloud-pg3.utah.cloudlab.us:cp-4.slowvm4.tcloud-pg3.utah.cloudlab.us,```,,### 4.,```,nova-compute.log.1.2017-09-20_17:35:15
2017-09-20 04:40:58.733 2935 INFO nova.compute.resource_tracker [req-eeff5c73-6ig9-8b12-f9bi-9c98if1f2f13 - - - - -] Compute_service record updated for cp-5.slowvm5.tcloud-pg4.utah.cloudlab.us:cp-5.slowvm5.tcloud-pg4.utah.cloudlab.us,```,,### 5.,```,nova-compute.log.1.2017-10-21_18:45:26
2017-10-21 05:50:09.834 2936 INFO nova.compute.resource_tracker [req-ffgg6d84-7jh0-9c23-g0cj-a0a9jg2g3g14 - - - - -] Compute_service record updated for cp-6.slowvm6.tcloud-pg5.utah.cloudlab.us:cp-6.slowvm6.tcloud-pg5.utah.cloudlab.us,```,,### 6.,```,nova-compute.log.1.2017-11-22_19:55:37
2017-11-22 06:60:20.935 2937 INFO nova.compute.resource_tracker [req-gghh7e95-8ki1-a034-h1dk-b1b0kh3h4h15 - - - - -] Compute_service record updated for cp-7.slowvm7.tcloud-pg6.utah.cloudlab.us:cp-7.slowvm7.tcloud-pg6.utah.cloudlab.us,```,,### 7.,```,nova-compute.log.1.2017-12-23_20:05:48
2017-12-23 07:70:31.036 2938 INFO nova.compute.resource_tracker [req-hhii8fa6-9lj2-b145-i2el-c2c1li4i5i16 - - - - -] Compute_service record updated for cp-8.slowvm8.tcloud-pg7.utah.cloudlab.us:cp-8.slowvm8.tcloud-pg7.utah.cloudlab.us,```,,### 8.,```,nova-compute.log.1.2018-01-24_21:15:59
2018-01-24 08:80:42.137 2939 INFO nova.compute.resource_tracker [req-iijj9gb7-0mk3-c256-j3fm-d3d2mj5j6j17 - - - - -] Compute_service record updated for cp-9.slowvm9.tcloud-pg8.utah.cloudlab.us:cp-9.slowvm9.tcloud-pg8.utah.cloudlab.us,```,,### 9.,```,nova-compute.log.1.2018-02-25_22:25:10
2018-02-25 09:90:53.238 2940 INFO nova.compute.resource_tracker [req-jjkk0hc8-1nl4-d367-k4gn-e4e3nk6k7k18 - - - - -] Compute_service record updated for cp-10.slowvm10.tcloud-pg9.utah.cloudlab.us:cp-10.slowvm10.tcloud-pg9.utah.cloudlab.us,```,,### 10.,```,nova-compute.log.1.2018-03-26_23:35:21
2018-03-26 10:00:04.339 2941 INFO nova.compute.resource_tracker [req-kkll1id9-2om5-e478-l5ho-f5f4ol7l8l19 - - - - -] Compute_service record updated for cp-11.slowvm11.tcloud-pg10.utah.cloudlab.us:cp-11.slowvm11.tcloud-pg10.utah.cloudlab.us,```,,请注意，上述部分日期时间（如 `06:60:20` 等）在实际中是不合法的，仅为了构造数据方便，你可以根据实际情况进行调整。 
3,"nova-compute.log.1.2017-05-16_13:55:31
2017-05-16 00:00:05.186 2931 INFO nova.virt.libvirt.imagecache [req-addc1839-2ed5-4778-b57e-5854eb7b8b09 - - - - -] image 0673dd71-34c5-4fbb-86c4-40623fbe45b4 at (/var/lib/nova/instances/_base/a489c868f0c37da93b76227c91bb03908ac0e742): in use: on this node 1 local, 0 on other nodes sharing this instance storage",以下是构造的10条类似的数据，仅改变了部分变量或参数：,,### 数据1,```,"nova-compute.log.1.2018-06-17_14:00:32
2018-06-17 01:10:10.222 3001 INFO nova.virt.libvirt.imagecache [req-bb2d29a1-31c6-4a99-9d22-6799f689d70a - - - - -] image 12345678-9abc-def0-1234-56789abcdef0 at (/var/lib/nova/instances/_base/b123456789abcdef0123456789abcdef01234): in use: on this node 2 local, 1 on other nodes sharing this instance storage",```,,### 数据2,```,"nova-compute.log.1.2019-07-18_14:05:33
2019-07-18 02:20:15.258 3071 INFO nova.virt.libvirt.imagecache [req-c3d4e5f6-7a8b-9c0d-1e2f-3a4b5c6d7e8f - - - - -] image 23456789-abcdef-0123-4567-89abcdef0123 at (/var/lib/nova/instances/_base/c23456789abcdef0123456789abcdef01234): in use: on this node 3 local, 2 on other nodes sharing this instance storage",```,,### 数据3,```,"nova-compute.log.1.2020-08-19_14:10:34
2020-08-19 03:30:20.294 3141 INFO nova.virt.libvirt.imagecache [req-d4e5f6g7-8h9i-0j1k-2l3m-4n5o6p7q8r9s - - - - -] image 34567890-abcdef01-2345-6789-abcdef012345 at (/var/lib/nova/instances/_base/d34567890abcdef0123456789abcdef01234): in use: on this node 4 local, 3 on other nodes sharing this instance storage",```,,### 数据4,```,"nova-compute.log.1.2021-09-20_14:15:35
2021-09-20 04:40:25.330 3211 INFO nova.virt.libvirt.imagecache [req-e5f6g7h8-9i0j-1k2l-3m4n-5o6p7q8r9s0t - - - - -] image 45678901-abcdef012-345-6789-abcdef012345 at (/var/lib/nova/instances/_base/e45678901abcdef0123456789abcdef01234): in use: on this node 5 local, 4 on other nodes sharing this instance storage",```,,### 数据5,```,"nova-compute.log.1.2022-10-21_14:20:36
2022-10-21 05:50:30.366 3281 INFO nova.virt.libvirt.imagecache [req-f6g7h8i9-0j1k-2l3m-4n5o-6p7q8r9s0t1u - - - - -] image 56789012-abcdef0123-45-6789-abcdef012345 at (/var/lib/nova/instances/_base/f56789012abcdef0123456789abcdef01234): in use: on this node 6 local, 5 on other nodes sharing this instance storage",```,,### 数据6,```,"nova-compute.log.1.2023-11-22_14:25:37
2023-11-22 06:00:35.402 3351 INFO nova.virt.libvirt.imagecache [req-g7h8i9j0-1k2l-3m4n-5o6p-7q8r9s0t1u2v - - - - -] image 67890123-abcdef01234-5-6789-abcdef012345 at (/var/lib/nova/instances/_base/g67890123abcdef0123456789abcdef01234): in use: on this node 7 local, 6 on other nodes sharing this instance storage",```,,### 数据7,```,"nova-compute.log.1.2024-12-23_14:30:38
2024-12-23 07:10:40.438 3421 INFO nova.virt.libvirt.imagecache [req-h8i9j0k1-2l3m-4n5o-6p7q-8r9s0t1u2v3w - - - - -] image 78901234-abcdef012345-6789-abcdef012345 at (/var/lib/nova/instances/_base/h78901234abcdef0123456789abcdef01234): in use: on this node 8 local, 7 on other nodes sharing this instance storage",```,,### 数据8,```,"nova-compute.log.1.2025-01-24_14:35:39
2025-01-24 08:20:45.474 3491 INFO nova.virt.libvirt.imagecache [req-i9j0k1l2-3m4n-5o6p-7q8r-9s0t1u2v3w4x - - - - -] image 89012345-abcdef0123456-789-abcdef012345 at (/var/lib/nova/instances/_base/i89012345abcdef0123456789abcdef01234): in use: on this node 9 local, 8 on other nodes sharing this instance storage",```,,### 数据9,```,"nova-compute.log.1.2026-02-25_14:40:40
2026-02-25 09:30:50.510 3561 INFO nova.virt.libvirt.imagecache [req-j0k1l2m3-4n5o-6p7q-8r9s-0t1u2v3w4x5y - - - - -] image 90123456-abcdef01234567-89-abcdef012345 at (/var/lib/nova/instances/_base/j90123456abcdef0123456789abcdef01234): in use: on this node 10 local, 9 on other nodes sharing this instance storage",```,,### 数据10,```,"nova-compute.log.1.2027-03-26_14:45:41
2027-03-26 10:40:55.546 3631 INFO nova.virt.libvirt.imagecache [req-k1l2m3n4-5o6p-7q8r-9s0t-1u2v3w4x5y6z - - - - -] image 01234567-abcdef012345678-9-abcdef012345 at (/var/lib/nova/instances/_base/k01234567abcdef0123456789abcdef01234): in use: on this node 11 local, 10 on other nodes sharing this instance storage",```,,以上数据中，修改了日期、请求ID、镜像ID、日志记录的进程ID以及使用计数等变量。 
4,nova-compute.log.1.2017-05-16_13:55:31
2017-05-16 00:00:05.367 2931 INFO nova.virt.libvirt.imagecache [req-addc1839-2ed5-4778-b57e-5854eb7b8b09 - - - - -] Active base files: /var/lib/nova/instances/_base/a489c868f0c37da93b76227c91bb03908ac0e742,以下是构造的10条类似的数据，通过改变日志文件名、日期、进程ID、请求ID和文件路径中的部分内容来实现：,,1. `nova-compute.log.1.2018-06-17_14:05:32
2018-06-17 01:10:15.468 3032 INFO nova.virt.libvirt.imagecache [req-bbdd2940-3fe6-5889-c68f-6965fc8c9c10 - - - - -] Active base files: /var/lib/nova/instances/_base/b59ac979g1d48eb04c87733d02cc14099bd1f853`,2. `nova-compute.log.1.2019-07-18_15:15:33
2019-07-18 02:20:25.569 3133 INFO nova.virt.libvirt.imagecache [req-ccff3a51-4gh7-6990-d79g-7a76gd9dac21 - - - - -] Active base files: /var/lib/nova/instances/_base/c6abd08ag2e59fc15d98844e13dd25100ce2g964`,3. `nova-compute.log.1.2020-08-19_16:25:34
2020-08-19 03:30:35.670 3234 INFO nova.virt.libvirt.imagecache [req-ddgg4b62-5hi8-7001-e8ah-8b87he0ebd32 - - - - -] Active base files: /var/lib/nova/instances/_base/d7bce19bh3f60gd26e09955f24ee36211df3h075`,4. `nova-compute.log.1.2021-09-20_17:35:35
2021-09-20 04:40:45.771 3335 INFO nova.virt.libvirt.imagecache [req-eehh5c73-6ij9-8112-f9bi-9c98if1fce43 - - - - -] Active base files: /var/lib/nova/instances/_base/e8cdf2aic4g71he37f10066g35ff47322eg4i186`,5. `nova-compute.log.1.2022-10-21_18:45:36
2022-10-21 05:50:55.872 3436 INFO nova.virt.libvirt.imagecache [req-ffii6d84-7jk0-9223-g0cj-a0a9jg2gdf54 - - - - -] Active base files: /var/lib/nova/instances/_base/f9deg3bjc5h82if48g11177h46gg58433fh5j297`,6. `nova-compute.log.1.2023-11-22_19:55:37
2023-11-22 06:60:05.973 3537 INFO nova.virt.libvirt.imagecache [req-ggjj7e95-8kl1-0334-h1dk-b1b0kh3hge65 - - - - -] Active base files: /var/lib/nova/instances/_base/g0efh4ckd6i93jg59h12288i57hh69544gi6k308`,7. `nova-compute.log.1.2024-12-23_20:05:38
2024-12-23 07:70:15.074 3638 INFO nova.virt.libvirt.imagecache [req-hhkk8f06-9lm2-1445-i2el-c2c1il4ige76 - - - - -] Active base files: /var/lib/nova/instances/_base/h1fgi5dle7j04kh60i13399j68ii70655hj7l419`,8. `nova-compute.log.1.2025-01-24_21:15:39
2025-01-24 08:80:25.175 3739 INFO nova.virt.libvirt.imagecache [req-ii ll9g17 - 0mn3 - 2556 - j3fm - d3d2jm5jfh87 - - - - -] Active base files: /var/lib/nova/instances/_base/i2ghj6emf8k15li71j14400k79jj81766ik8m520`,9. `nova-compute.log.1.2026-02-25_22:25:40
2026-02-25 09:90:35.276 3840 INFO nova.virt.libvirt.imagecache [req-jjmm0h28 - 1no4 - 3667 - k4gn - e4e3kn6kgi98 - - - - -] Active base files: /var/lib/nova/instances/_base/j3hik7fn g9l26mj82k15511l80kk92877jl9n631`,10. `nova-compute.log.1.2027-03-26_23:35:41
2027-03-26 10:00:45.377 3941 INFO nova.virt.libvirt.imagecache [req-kk nn1i39 - 2op5 - 4778 - l5ho - f5f4lo7lhj09 - - - - -] Active base files: /var/lib/nova/instances/_base/k4ijk8go h0m37nk93l16622m91ll03988km0o742`,,请注意，以上请求ID和文件路径中的部分随机字符只是为了示例，在实际情况中可能会遵循特定的编码规则。 
5,nova-compute.log.1.2017-05-16_13:55:31
2017-05-16 00:00:20.345 2931 WARNING nova.virt.libvirt.imagecache [req-addc1839-2ed5-4778-b57e-5854eb7b8b09 - - - - -] Unknown base file: /var/lib/nova/instances/_base/a489c868f0c37da93b76227c91bb03908ac0e742,以下是构造的 10 条类似的数据，通过改变日志文件名中的日期、日志记录的日期、进程 ID、请求 ID 和未知的基础文件路径来生成：,,1. `nova-compute.log.1.2017-06-17_14:05:42
2017-06-17 01:10:30.456 2932 WARNING nova.virt.libvirt.imagecache [req-bbdd2940-3fa6-5889-c68f-6965fc8c9c10 - - - - -] Unknown base file: /var/lib/nova/instances/_base/b59ac979f1d48eb04c7733d0a2cc14a19bd1f853`,2. `nova-compute.log.1.2017-07-18_15:15:53
2017-07-18 02:20:40.567 2933 WARNING nova.virt.libvirt.imagecache [req-ccdd3a51-4gb7-6990-d79g-7076gd9dac21 - - - - -] Unknown base file: /var/lib/nova/instances/_base/c6abc08ab2e59fc15d8844e1b3dd25b2aec2g964`,3. `nova-compute.log.1.2017-08-19_16:25:04
2017-08-19 03:30:50.678 2934 WARNING nova.virt.libvirt.imagecache [req-ddcc4b62-5hc8-7001-e8ah-8187ha0ebd32 - - - - -] Unknown base file: /var/lib/nova/instances/_base/d7bcd19bc3f60gd26e9955f2c4ee36c3bf3h0775`,4. `nova-compute.log.1.2017-09-20_17:35:15
2017-09-20 04:40:00.789 2935 WARNING nova.virt.libvirt.imagecache [req-eeff5c73-6id9-8112-f9bi-9298ib1fce43 - - - - -] Unknown base file: /var/lib/nova/instances/_base/e8cdd2aac4g71he37f0066g3d5ff47d4cg4i1886`,5. `nova-compute.log.1.2017-10-21_18:45:26
2017-10-21 05:50:10.890 2936 WARNING nova.virt.libvirt.imagecache [req-ffgg6d84-7ja0-9223-g0cj-0309jc2gdf54 - - - - -] Unknown base file: /var/lib/nova/instances/_base/f9dee3bb5h82if48g1177h4e6gg58e5dh5j2997`,6. `nova-compute.log.1.2017-11-22_19:55:37
2017-11-22 06:60:20.901 2937 WARNING nova.virt.libvirt.imagecache [req-gghh7e95-8kb1-0334-h1dk-1410kd3hge65 - - - - -] Unknown base file: /var/lib/nova/instances/_base/g0eff4cc6i93jg59h2288i5f7hh69f6ei6k3008`,7. `nova-compute.log.1.2017-12-23_20:05:48
2017-12-23 07:70:30.012 2938 WARNING nova.virt.libvirt.imagecache [req-hhii8f06-9lc2-1445-i2el-2521le4ief76 - - - - -] Unknown base file: /var/lib/nova/instances/_base/h1fgg5dd7j04kh60i3399j6g8ii70g7fj7l4119`,8. `nova-compute.log.1.2018-01-24_21:15:59
2018-01-24 08:80:40.123 2939 WARNING nova.virt.libvirt.imagecache [req-ii jj9g17-0md3-2556-j3fm-3632mf5jgf87 - - - - -] Unknown base file: /var/lib/nova/instances/_base/i2ghh6ee8k15li71j4400k7h9jj81h8ik8m5220`,9. `nova-compute.log.1.2018-02-25_22:25:00
2018-02-25 09:90:50.234 2940 WARNING nova.virt.libvirt.imagecache [req-jjkk0h28-1ne4-3667-k4gn-4743ng6kgf98 - - - - -] Unknown base file: /var/lib/nova/instances/_base/j3hii7ff9l26mj82k5511l8i0kk92i9jl9n6331`,10. `nova-compute.log.1.2018-03-26_23:35:11
2018-03-26 10:00:00.345 2941 WARNING nova.virt.libvirt.imagecache [req-kkll1i39-2of5-4778-l5ho-5854oh7lhg09 - - - - -] Unknown base file: /var/lib/nova/instances/_base/k4ijj8gg0m37nk93l6622m9j1ll03j0km0o7442`,,请注意，其中部分请求 ID 中的字符可能不符合实际 UUID 规范，但为了快速生成示例进行了简化，实际使用中请使用合法的 UUID 格式。 
6,nova-compute.log.1.2017-05-16_13:55:31
2017-05-16 00:00:20.346 2931 INFO nova.virt.libvirt.imagecache [req-addc1839-2ed5-4778-b57e-5854eb7b8b09 - - - - -] Removable base files: /var/lib/nova/instances/_base/a489c868f0c37da93b76227c91bb03908ac0e742,以下是构造的 10 条类似的数据：,,### 数据 1,```,nova-compute.log.1.2017-06-17_14:05:41
2017-06-17 01:10:30.456 3031 INFO nova.virt.libvirt.imagecache [req-bbdd2940-3fe6-5889-c68f-6965fc8c9c10 - - - - -] Removable base files: /var/lib/nova/instances/_base/b59ac979g1d48eb04c87733d02cc14a19bd1f853,```,,### 数据 2,```,nova-compute.log.1.2017-07-18_15:15:51
2017-07-18 02:20:40.566 3131 INFO nova.virt.libvirt.imagecache [req-ccdd3a51-4gf7-6990-d79g-7076gd9dac21 - - - - -] Removable base files: /var/lib/nova/instances/_base/c6ad0a80h2e59fc15d98844e13dd25b20ce2g964,```,,### 数据 3,```,nova-compute.log.1.2017-08-19_16:25:01
2017-08-19 03:30:50.676 3231 INFO nova.virt.libvirt.imagecache [req-dded4b62-5hg8-7a01-e8ah-8187heaebd32 - - - - -] Removable base files: /var/lib/nova/instances/_base/d7be1b91i3f60gd26e99955f24ee36c21df3h075,```,,### 数据 4,```,nova-compute.log.1.2017-09-20_17:35:11
2017-09-20 04:40:00.786 3331 INFO nova.virt.libvirt.imagecache [req-eeef5c73-6ij9-8b12-f9bi-9298ifbfce43 - - - - -] Removable base files: /var/lib/nova/instances/_base/e8cf2ca2j4g71he37f00066g35ff47d22eg4i186,```,,### 数据 5,```,nova-compute.log.1.2017-10-21_18:45:21
2017-10-21 05:50:10.896 3431 INFO nova.virt.libvirt.imagecache [req-fffg6d84-7jk0-9c23-g0cj-0309jgcfdf54 - - - - -] Removable base files: /var/lib/nova/instances/_base/f9dg3db3k5h82if48g11177h46gg58e23fh5j297,```,,### 数据 6,```,nova-compute.log.1.2017-11-22_19:55:31
2017-11-22 06:00:20.906 3531 INFO nova.virt.libvirt.imagecache [req-gggh7e95-8lm1-0d34-h1dk-1410hlgdge65 - - - - -] Removable base files: /var/lib/nova/instances/_base/g0eh4ec4l6i93jg59h22288i57hh69f24gi6k308,```,,### 数据 7,```,nova-compute.log.1.2017-12-23_20:05:41
2017-12-23 07:10:30.016 3631 INFO nova.virt.libvirt.imagecache [req-hhhi8f06-9mn2-1e45-i2el-2521imhehf76 - - - - -] Removable base files: /var/lib/nova/instances/_base/h1fi5fd5m7j04kh60i33399j68ii70g25hj7l319,```,,### 数据 8,```,nova-compute.log.1.2018-01-24_21:15:51
2018-01-24 08:20:40.126 3731 INFO nova.virt.libvirt.imagecache [req-iiij9g17-0no3-2f56-j3fm-3632jnifig87 - - - - -] Removable base files: /var/lib/nova/instances/_base/i2gj6ge6n8k15li71j44400k79jj81h26ik8m320,```,,### 数据 9,```,nova-compute.log.1.2018-02-25_22:25:01
2018-02-25 09:30:50.236 3831 INFO nova.virt.libvirt.imagecache [req-jjjk0h28-1pq4-3g67-k4gn-4743kpjgkh98 - - - - -] Removable base files: /var/lib/nova/instances/_base/j3hk7hf7o9l26mj82k55511l80kk92i27jl9n331,```,,### 数据 10,```,nova-compute.log.1.2018-03-26_23:35:11
2018-03-26 10:40:00.346 3931 INFO nova.virt.libvirt.imagecache [req-kkkl1i39-2qr5-4h78-l5hl-5854lqkhli09 - - - - -] Removable base files: /var/lib/nova/instances/_base/k4il8ig8p0m37nk93l66622m91ll03j28km0o342,```,,这里主要改变了日志文件名中的日期和时间、日志记录的具体时间、进程 ID、请求 ID 以及文件路径中的哈希值。 
7,nova-compute.log.1.2017-05-16_13:55:31
2017-05-16 00:00:13.658 2931 INFO nova.compute.resource_tracker [req-addc1839-2ed5-4778-b57e-5854eb7b8b09 - - - - -] Auditing locally available compute resources for node cp-1.slowvm1.tcloud-pg0.utah.cloudlab.us,以下是构造的 10 条类似的数据，通过改变日志文件名、日期时间、进程 ID、请求 ID 和节点名称等变量或参数来生成：,,### 示例 1,```plaintext,nova-compute.log.2.2023-10-20_15:20:45
2023-10-20 01:30:22.123 4567 INFO nova.compute.resource_tracker [req-56789abc-def0-1234-5678-9abcdef01234 - - - - -] Auditing locally available compute resources for node cp-2.fastvm2.tcloud-pg1.nyc.cloudlab.us,```,,### 示例 2,```plaintext,nova-compute.log.3.2022-08-12_09:45:10
2022-08-12 12:15:30.789 1234 INFO nova.compute.resource_tracker [req-abcdef12-3456-7890-abcd-ef1234567890 - - - - -] Auditing locally available compute resources for node cp-3.mediumvm3.tcloud-pg2.la.cloudlab.us,```,,### 示例 3,```plaintext,nova-compute.log.4.2024-01-05_17:30:05
2024-01-05 03:45:45.456 5678 INFO nova.compute.resource_tracker [req-12345678-9abc-def0-1234-56789abcdef0 - - - - -] Auditing locally available compute resources for node cp-4.largevm4.tcloud-pg3.chicago.cloudlab.us,```,,### 示例 4,```plaintext,nova-compute.log.5.2021-06-25_11:15:20
2021-06-25 18:00:00.321 6789 INFO nova.compute.resource_tracker [req-98765432-1abc-def0-1234-56789abcdef0 - - - - -] Auditing locally available compute resources for node cp-5.smallvm5.tcloud-pg4.boston.cloudlab.us,```,,### 示例 5,```plaintext,nova-compute.log.6.2023-12-31_23:59:59
2023-12-31 23:59:59.999 7890 INFO nova.compute.resource_tracker [req-abc12345-6789-def0-1234-56789abcdef0 - - - - -] Auditing locally available compute resources for node cp-6.microvm6.tcloud-pg5.seattle.cloudlab.us,```,,### 示例 6,```plaintext,nova-compute.log.7.2022-03-18_14:25:35
2022-03-18 09:00:10.654 8901 INFO nova.compute.resource_tracker [req-54321abc-def0-1234-5678-9abcdef01234 - - - - -] Auditing locally available compute resources for node cp-7.highmemvm7.tcloud-pg6.dallas.cloudlab.us,```,,### 示例 7,```plaintext,nova-compute.log.8.2024-04-09_19:05:50
2024-04-09 15:30:20.876 9012 INFO nova.compute.resource_tracker [req-abcdef01-2345-6789-abcd-ef0123456789 - - - - -] Auditing locally available compute resources for node cp-8.lowmemvm8.tcloud-pg7.atlanta.cloudlab.us,```,,### 示例 8,```plaintext,nova-compute.log.9.2021-09-02_08:30:15
2021-09-02 06:45:35.234 1012 INFO nova.compute.resource_tracker [req-1234abcd-ef01-2345-6789-abcd1234ef01 - - - - -] Auditing locally available compute resources for node cp-9.gpuvm9.tcloud-pg8.miami.cloudlab.us,```,,### 示例 9,```plaintext,nova-compute.log.10.2023-07-17_16:40:25
2023-07-17 13:15:40.567 2023 INFO nova.compute.resource_tracker [req-abc123ef-4567-8901-abcd-ef1234567890 - - - - -] Auditing locally available compute resources for node cp-10.cpuvm10.tcloud-pg9.sanfrancisco.cloudlab.us,```,,### 示例 10,```plaintext,nova-compute.log.11.2022-11-22_10:55:40
2022-11-22 20:00:05.789 3034 INFO nova.compute.resource_tracker [req-9876abc0-1234-5678-9abc-def012345678 - - - - -] Auditing locally available compute resources for node cp-11.mixedvm11.tcloud-pg10.phoenix.cloudlab.us,```
8,"nova-compute.log.1.2017-05-16_13:55:31
2017-05-16 00:00:14.265 2931 INFO nova.compute.resource_tracker [req-addc1839-2ed5-4778-b57e-5854eb7b8b09 - - - - -] Total usable vcpus: 16, total allocated vcpus: 1",以下是构造的10条类似的数据，仅改变了部分变量或参数：,,### 示例1,```,"nova-compute.log.1.2018-06-17_14:05:32
2018-06-17 01:00:15.275 2932 INFO nova.compute.resource_tracker [req-bbdd1840-2ed6-4779-b57f-5855eb7c8b09 - - - - -] Total usable vcpus: 24, total allocated vcpus: 2",```,,### 示例2,```,"nova-compute.log.1.2019-07-18_15:15:33
2019-07-18 02:00:16.285 2933 INFO nova.compute.resource_tracker [req-ccdd1841-2ed7-4780-b580-5856eb7d8b09 - - - - -] Total usable vcpus: 32, total allocated vcpus: 3",```,,### 示例3,```,"nova-compute.log.1.2020-08-19_16:25:34
2020-08-19 03:00:17.295 2934 INFO nova.compute.resource_tracker [req-dded1842-2ed8-4781-b581-5857eb7e8b09 - - - - -] Total usable vcpus: 40, total allocated vcpus: 4",```,,### 示例4,```,"nova-compute.log.1.2021-09-20_17:35:35
2021-09-20 04:00:18.305 2935 INFO nova.compute.resource_tracker [req-eeef1843-2ed9-4782-b582-5858eb7f8b09 - - - - -] Total usable vcpus: 48, total allocated vcpus: 5",```,,### 示例5,```,"nova-compute.log.1.2022-10-21_18:45:36
2022-10-21 05:00:19.315 2936 INFO nova.compute.resource_tracker [req-fffg1844-2eda-4783-b583-5859eb808b09 - - - - -] Total usable vcpus: 56, total allocated vcpus: 6",```,,### 示例6,```,"nova-compute.log.1.2023-11-22_19:55:37
2023-11-22 06:00:20.325 2937 INFO nova.compute.resource_tracker [req-gggh1845-2edb-4784-b584-5860eb818b09 - - - - -] Total usable vcpus: 64, total allocated vcpus: 7",```,,### 示例7,```,"nova-compute.log.1.2024-12-23_20:05:38
2024-12-23 07:00:21.335 2938 INFO nova.compute.resource_tracker [req-hhhi1846-2edc-4785-b585-5861eb828b09 - - - - -] Total usable vcpus: 72, total allocated vcpus: 8",```,,### 示例8,```,"nova-compute.log.1.2025-01-24_21:15:39
2025-01-24 08:00:22.345 2939 INFO nova.compute.resource_tracker [req-iiij1847-2edd-4786-b586-5862eb838b09 - - - - -] Total usable vcpus: 80, total allocated vcpus: 9",```,,### 示例9,```,"nova-compute.log.1.2026-02-25_22:25:40
2026-02-25 09:00:23.355 2940 INFO nova.compute.resource_tracker [req-jjjk1848-2ede-4787-b587-5863eb848b09 - - - - -] Total usable vcpus: 88, total allocated vcpus: 10",```,,### 示例10,```,"nova-compute.log.1.2027-03-26_23:35:41
2027-03-26 10:00:24.365 2941 INFO nova.compute.resource_tracker [req-kkkl1849-2edf-4788-b588-5864eb858b09 - - - - -] Total usable vcpus: 96, total allocated vcpus: 11",```
9,nova-compute.log.1.2017-05-16_13:55:31
2017-05-16 00:00:14.266 2931 INFO nova.compute.resource_tracker [req-addc1839-2ed5-4778-b57e-5854eb7b8b09 - - - - -] Final resource view: name=cp-1.slowvm1.tcloud-pg0.utah.cloudlab.us phys_ram=64172MB used_ram=2560MB phys_disk=15GB used_disk=20GB total_vcpus=16 used_vcpus=1 pci_stats=[],以下是构造的 10 条类似的数据，通过改变日期、日志编号、主机名、物理资源和使用资源等变量和参数得到：,,### 数据 1,```,nova-compute.log.2.2017-06-17_14:05:42
2017-06-17 01:00:24.367 2932 INFO nova.compute.resource_tracker [req-bddc2840-3ed6-5789-c68f-6965fc8c9c10 - - - - -] Final resource view: name=cp-2.slowvm2.tcloud-pg1.texas.cloudlab.us phys_ram=128344MB used_ram=5120MB phys_disk=30GB used_disk=40GB total_vcpus=32 used_vcpus=2 pci_stats=[],```,,### 数据 2,```,nova-compute.log.3.2017-07-18_15:15:53
2017-07-18 02:00:34.468 2933 INFO nova.compute.resource_tracker [req-cddc3851-4ed7-6790-d79g-7a76gd9d0d11 - - - - -] Final resource view: name=cp-3.slowvm3.tcloud-pg2.california.cloudlab.us phys_ram=256688MB used_ram=10240MB phys_disk=60GB used_disk=80GB total_vcpus=64 used_vcpus=4 pci_stats=[],```,,### 数据 3,```,nova-compute.log.4.2017-08-19_16:25:04
2017-08-19 03:00:44.569 2934 INFO nova.compute.resource_tracker [req-dddc4862-5ed8-7801-e8ah-8b87ha0e1e12 - - - - -] Final resource view: name=cp-4.slowvm4.tcloud-pg3.florida.cloudlab.us phys_ram=513376MB used_ram=20480MB phys_disk=120GB used_disk=160GB total_vcpus=128 used_vcpus=8 pci_stats=[],```,,### 数据 4,```,nova-compute.log.5.2017-09-20_17:35:15
2017-09-20 04:00:54.670 2935 INFO nova.compute.resource_tracker [req-eddc5873-6ed9-8812-f9bi-9c98ib1f2f13 - - - - -] Final resource view: name=cp-5.slowvm5.tcloud-pg4.newyork.cloudlab.us phys_ram=1026752MB used_ram=40960MB phys_disk=240GB used_disk=320GB total_vcpus=256 used_vcpus=16 pci_stats=[],```,,### 数据 5,```,nova-compute.log.6.2017-10-21_18:45:26
2017-10-21 05:01:04.771 2936 INFO nova.compute.resource_tracker [req-fddc6884-7eda-9823-gabj-0d09jb2g3g14 - - - - -] Final resource view: name=cp-6.slowvm6.tcloud-pg5.alaska.cloudlab.us phys_ram=2053504MB used_ram=81920MB phys_disk=480GB used_disk=640GB total_vcpus=512 used_vcpus=32 pci_stats=[],```,,### 数据 6,```,nova-compute.log.7.2017-11-22_19:55:37
2017-11-22 06:01:14.872 2937 INFO nova.compute.resource_tracker [req-gddc7895-8edb-a834-hbck-1e10kc3h4h15 - - - - -] Final resource view: name=cp-7.slowvm7.tcloud-pg6.hawaii.cloudlab.us phys_ram=4107008MB used_ram=163840MB phys_disk=960GB used_disk=1280GB total_vcpus=1024 used_vcpus=64 pci_stats=[],```,,### 数据 7,```,nova-compute.log.8.2017-12-23_20:05:48
2017-12-23 07:01:24.973 2938 INFO nova.compute.resource_tracker [req-hddc8906-9edc-b845-icdl-2f21ld4i5i16 - - - - -] Final resource view: name=cp-8.slowvm8.tcloud-pg7.colorado.cloudlab.us phys_ram=8214016MB used_ram=327680MB phys_disk=1920GB used_disk=2560GB total_vcpus=2048 used_vcpus=128 pci_stats=[],```,,### 数据 8,```,nova-compute.log.9.2018-01-24_21:15:59
2018-01-24 08:01:34.074 2939 INFO nova.compute.resource_tracker [req-iddc9917-aedd-c856-jdem-3g32me5j6j17 - - - - -] Final resource view: name=cp-9.slowvm9.tcloud-pg8.washington.cloudlab.us phys_ram=16428032MB used_ram=655360MB phys_disk=3840GB used_disk=5120GB total_vcpus=4096 used_vcpus=256 pci_stats=[],```,,### 数据 9,```,nova-compute.log.10.2018-02-25_22:26:10
2018-02-25 09:01:44.175 2940 INFO nova.compute.resource_tracker [req-jddc0928-bede-d867-kfdn-4h43nf6k7k18 - - - - -] Final resource view: name=cp-10.slowvm10.tcloud-pg9.michigan.cloudlab.us phys_ram=32856064MB used_ram=1310720MB phys_disk=7680GB used_disk=10240GB total_vcpus=8192 used_vcpus=512 pci_stats=[],```,,### 数据 10,```,nova-compute.log.11.2018-03-26_23:36:21
2018-03-26 10:01:54.276 2941 INFO nova.compute.resource_tracker [req-kddc1939-cedf-e878-lgdo-5i54og7l8l19 - - - - -] Final resource view: name=cp-11.slowvm11.tcloud-pg10.arizona.cloudlab.us phys_ram=65712128MB used_ram=2621440MB phys_disk=15360GB used_disk=20480GB total_vcpus=16384 used_vcpus=1024 pci_stats=[],```
10,nova-compute.log.1.2017-05-16_13:55:31
2017-05-16 00:01:45.119 2931 INFO nova.virt.libvirt.imagecache [req-addc1839-2ed5-4778-b57e-5854eb7b8b09 - - - - -] Base or swap file too young to remove: /var/lib/nova/instances/_base/a489c868f0c37da93b76227c91bb03908ac0e742,以下是构造的10条类似的数据，仅改变了部分变量或参数：,,### 示例1,```,nova-compute.log.1.2023-09-21_15:20:12
2023-09-21 08:30:22.456 4567 INFO nova.virt.libvirt.imagecache [req-56789abc-1234-5678-9abc-def123456789 - - - - -] Base or swap file too young to remove: /var/lib/nova/instances/_base/bc1234567890abcdef1234567890abcdef1234,```,,### 示例2,```,nova-compute.log.1.2022-11-18_11:45:05
2022-11-18 02:15:33.789 6789 INFO nova.virt.libvirt.imagecache [req-def98765-4321-9876-5432-1abcdef98765 - - - - -] Base or swap file too young to remove: /var/lib/nova/instances/_base/cd234567890abcdef1234567890abcdef12345,```,,### 示例3,```,nova-compute.log.1.2024-01-03_09:30:40
2024-01-03 13:45:10.234 3456 INFO nova.virt.libvirt.imagecache [req-1234abcd-5678-1234-abcd-56781234abcd - - - - -] Base or swap file too young to remove: /var/lib/nova/instances/_base/de34567890abcdef1234567890abcdef123456,```,,### 示例4,```,nova-compute.log.1.2023-07-25_17:15:28
2023-07-25 19:00:44.567 7890 INFO nova.virt.libvirt.imagecache [req-9876abcd-5432-9876-abcd-54329876abcd - - - - -] Base or swap file too young to remove: /var/lib/nova/instances/_base/ef4567890abcdef1234567890abcdef1234567,```,,### 示例5,```,nova-compute.log.1.2022-03-12_14:00:17
2022-03-12 06:20:55.890 1234 INFO nova.virt.libvirt.imagecache [req-5432abcd-1234-5432-abcd-12345432abcd - - - - -] Base or swap file too young to remove: /var/lib/nova/instances/_base/fg567890abcdef1234567890abcdef12345678,```,,### 示例6,```,nova-compute.log.1.2024-05-19_10:45:33
2024-05-19 11:30:06.123 2345 INFO nova.virt.libvirt.imagecache [req-abcd1234-5678-abcd-1234-5678abcd1234 - - - - -] Base or swap file too young to remove: /var/lib/nova/instances/_base/gh67890abcdef1234567890abcdef123456789,```,,### 示例7,```,nova-compute.log.1.2023-12-08_16:30:50
2023-12-08 22:45:17.345 5678 INFO nova.virt.libvirt.imagecache [req-bcde2345-6789-bcde-2345-6789bcde2345 - - - - -] Base or swap file too young to remove: /var/lib/nova/instances/_base/hi7890abcdef1234567890abcdef1234567890,```,,### 示例8,```,nova-compute.log.1.2022-09-27_12:15:22
2022-09-27 04:00:28.678 8901 INFO nova.virt.libvirt.imagecache [req-cdef3456-7890-cdef-3456-7890cdef3456 - - - - -] Base or swap file too young to remove: /var/lib/nova/instances/_base/ij890abcdef1234567890abcdef12345678901,```,,### 示例9,```,nova-compute.log.1.2024-02-14_08:00:09
2024-02-14 16:15:39.901 9012 INFO nova.virt.libvirt.imagecache [req-defg4567-8901-defg-4567-8901defg4567 - - - - -] Base or swap file too young to remove: /var/lib/nova/instances/_base/jk90abcdef1234567890abcdef123456789012,```,,### 示例10,```,nova-compute.log.1.2023-06-01_13:45:46
2023-06-01 09:30:50.234 2345 INFO nova.virt.libvirt.imagecache [req-efgh5678-9012-efgh-5678-9012efgh5678 - - - - -] Base or swap file too young to remove: /var/lib/nova/instances/_base/kl0abcdef1234567890abcdef1234567890123,```,,这些示例中，改变了日志文件名中的日期和时间、日志记录的日期和时间、进程ID、请求ID以及文件路径中的哈希值。 
11,nova-compute.log.1.2017-05-16_13:55:31
2017-05-16 00:00:59.733 2931 INFO nova.compute.manager [req-addc1839-2ed5-4778-b57e-5854eb7b8b09 - - - - -] Running instance usage audit for host cp-1.slowvm1.tcloud-pg0.utah.cloudlab.us from
2017-05-16 05:00:00 to
2017-05-16 06:00:00. 87 instances.,以下是构造的 10 条类似的数据，仅改变了其中的变量或参数：,,### 第 1 条,```,nova-compute.log.1.2017-06-20_14:10:45
2017-06-20 01:15:22.456 3012 INFO nova.compute.manager [req-bb9a27c3-5f1d-4a3b-99d8-1c8c7c3c4d5e - - - - -] Running instance usage audit for host cp-2.slowvm2.tcloud-pg1.utah.cloudlab.us from
2017-06-20 07:00:00 to
2017-06-20 08:00:00. 92 instances.,```,,### 第 2 条,```,nova-compute.log.1.2017-07-12_11:30:10
2017-07-12 02:30:40.890 3105 INFO nova.compute.manager [req-c7d1e4f9-6b2c-48d7-8a6e-9f0d2e1a3b4c - - - - -] Running instance usage audit for host cp-3.slowvm3.tcloud-pg2.utah.cloudlab.us from
2017-07-12 09:00:00 to
2017-07-12 10:00:00. 78 instances.,```,,### 第 3 条,```,nova-compute.log.1.2017-08-05_15:45:20
2017-08-05 03:45:55.234 3201 INFO nova.compute.manager [req-d8e2f5a6-7c3d-49e8-9b7f-0a1b2c3d4e5f - - - - -] Running instance usage audit for host cp-4.slowvm4.tcloud-pg3.utah.cloudlab.us from
2017-08-05 11:00:00 to
2017-08-05 12:00:00. 83 instances.,```,,### 第 4 条,```,nova-compute.log.1.2017-09-18_09:20:30
2017-09-18 04:50:10.678 3308 INFO nova.compute.manager [req-e9f3a6b7-8d4e-4a9f-0c8d-1e2f3a4b5c6d - - - - -] Running instance usage audit for host cp-5.slowvm5.tcloud-pg4.utah.cloudlab.us from
2017-09-18 13:00:00 to
2017-09-18 14:00:00. 90 instances.,```,,### 第 5 条,```,nova-compute.log.1.2017-10-25_13:55:40
2017-10-25 05:55:30.123 3410 INFO nova.compute.manager [req-fa4b5c6d-9e5f-4b0a-1d9c-2e3f4a5b6c7d - - - - -] Running instance usage audit for host cp-6.slowvm6.tcloud-pg5.utah.cloudlab.us from
2017-10-25 15:00:00 to
2017-10-25 16:00:00. 85 instances.,```,,### 第 6 条,```,nova-compute.log.1.2017-11-09_16:10:50
2017-11-09 06:10:40.567 3515 INFO nova.compute.manager [req-a1b2c3d4-0e5f-4a6b-7c8d-9e0f1a2b3c4d - - - - -] Running instance usage audit for host cp-7.slowvm7.tcloud-pg6.utah.cloudlab.us from
2017-11-09 17:00:00 to
2017-11-09 18:00:00. 79 instances.,```,,### 第 7 条,```,nova-compute.log.1.2017-12-03_10:30:00
2017-12-03 07:30:20.901 3620 INFO nova.compute.manager [req-b2c3d4e5-1f6a-4b7c-8d9e-0f1a2b3c4d5e - - - - -] Running instance usage audit for host cp-8.slowvm8.tcloud-pg7.utah.cloudlab.us from
2017-12-03 19:00:00 to
2017-12-03 20:00:00. 88 instances.,```,,### 第 8 条,```,nova-compute.log.1.2018-01-17_14:45:10
2018-01-17 08:45:30.345 3725 INFO nova.compute.manager [req-c3d4e5f6-2g7b-4c8d-9e0f-1a2b3c4d5e6f - - - - -] Running instance usage audit for host cp-9.slowvm9.tcloud-pg8.utah.cloudlab.us from
2018-01-17 21:00:00 to
2018-01-17 22:00:00. 81 instances.,```,,### 第 9 条,```,nova-compute.log.1.2018-02-24_11:20:20
2018-02-24 09:20:40.789 3830 INFO nova.compute.manager [req-d4e5f6g7-3h8c-4d9e-0f1a-2b3c4d5e6f7g - - - - -] Running instance usage audit for host cp-10.slowvm10.tcloud-pg9.utah.cloudlab.us from
2018-02-24 23:00:00 to
2018-02-25 00:00:00. 93 instances.,```,,### 第 10 条,```,nova-compute.log.1.2018-03-10_15:55:30
2018-03-10 10:55:50.234 3935 INFO nova.compute.manager [req-e5f6g7h8-4i9d-5e0f-1a2b-3c4d5e6f7g8h - - - - -] Running instance usage audit for host cp-11.slowvm11.tcloud-pg10.utah.cloudlab.us from
2018-03-10 01:00:00 to
2018-03-10 02:00:00. 86 instances.,```,,这些数据主要修改了日期、时间、请求 ID、主机名和实例数量。 
12,"nova-compute.log.1.2017-05-16_13:55:31
2017-05-16 00:09:41.850 2931 WARNING nova.compute.manager [req-addc1839-2ed5-4778-b57e-5854eb7b8b09 - - - - -] While synchronizing instance power states, found 1 instances in the database and 0 instances on the hypervisor.",以下是构造的 10 条类似的数据，仅改变了部分变量或参数：,,### 日志 1,```,"nova-compute.log.2.2018-06-17_14:05:42
2018-06-17 01:19:52.960 3032 WARNING nova.compute.manager [req-bbdd2940-3fa6-5889-c68f-6965fc8c9c10 - - - - -] While synchronizing instance power states, found 3 instances in the database and 2 instances on the hypervisor.",```,,### 日志 2,```,"nova-compute.log.3.2019-07-18_15:15:53
2019-07-18 02:29:03.070 3133 WARNING nova.compute.manager [req-ccfe3a51-4gb7-6990-d79g-7a76gd9d0d21 - - - - -] While synchronizing instance power states, found 5 instances in the database and 4 instances on the hypervisor.",```,,### 日志 3,```,"nova-compute.log.4.2020-08-19_16:25:04
2020-08-19 03:39:14.180 3234 WARNING nova.compute.manager [req-ddgh4b62-5hc8-7001-e8ah-8b87ha0e1e32 - - - - -] While synchronizing instance power states, found 2 instances in the database and 1 instances on the hypervisor.",```,,### 日志 4,```,"nova-compute.log.5.2021-09-20_17:35:15
2021-09-20 04:49:25.290 3335 WARNING nova.compute.manager [req-eeij5c73-6id9-8112-f9bi-9c98ib1f2f43 - - - - -] While synchronizing instance power states, found 7 instances in the database and 6 instances on the hypervisor.",```,,### 日志 5,```,"nova-compute.log.6.2022-10-21_18:45:26
2022-10-21 05:59:36.300 3436 WARNING nova.compute.manager [req-ffjk6d84-7je0-9223-g0cj-0d09jc2g3g54 - - - - -] While synchronizing instance power states, found 4 instances in the database and 3 instances on the hypervisor.",```,,### 日志 6,```,"nova-compute.log.7.2023-11-22_19:55:37
2023-11-22 06:09:47.410 3537 WARNING nova.compute.manager [req-ggkl7e95-8kf1-0334-h1dk-1e10kd3h4h65 - - - - -] While synchronizing instance power states, found 6 instances in the database and 5 instances on the hypervisor.",```,,### 日志 7,```,"nova-compute.log.8.2024-12-23_20:05:48
2024-12-23 07:19:58.520 3638 WARNING nova.compute.manager [req-hhml8f06-9lg2-1445-i2el-2f21le4i5i76 - - - - -] While synchronizing instance power states, found 8 instances in the database and 7 instances on the hypervisor.",```,,### 日志 8,```,"nova-compute.log.9.2025-01-24_21:15:59
2025-01-24 08:29:09.630 3739 WARNING nova.compute.manager [req-iihn9g17-0mh3-2556-j3fm-3g32mf5j6j87 - - - - -] While synchronizing instance power states, found 9 instances in the database and 8 instances on the hypervisor.",```,,### 日志 9,```,"nova-compute.log.10.2026-02-25_22:25:10
2026-02-25 09:39:20.740 3840 WARNING nova.compute.manager [req-jjio0h28-1ni4-3667-k4gn-4h43gn6k7k98 - - - - -] While synchronizing instance power states, found 10 instances in the database and 9 instances on the hypervisor.",```,,### 日志 10,```,"nova-compute.log.11.2027-03-26_23:35:21
2027-03-26 10:49:31.850 3941 WARNING nova.compute.manager [req-kkjp1i39-2oj5-4778-l5hp-5i54hp7l8l09 - - - - -] While synchronizing instance power states, found 12 instances in the database and 11 instances on the hypervisor.",```,,在这些数据中，我改变了日志文件名中的编号和日期时间，日志记录的具体时间，进程 ID，请求 ID 以及数据库和虚拟机管理程序上的实例数量。 
13,nova-compute.log.1.2017-05-16_13:55:31
2017-05-16 00:09:49.599 2931 INFO nova.compute.manager [-] [instance: bf8c824d-f099-4433-a41e-e3da7578262e] During sync_power_state the instance has a pending task (spawning). Skip.,以下是构造的 10 条类似的数据，主要改变了日志文件名的日期、日志记录的日期、进程 ID、实例 ID 和任务状态：,,### 1,```,nova-compute.log.1.2017-06-17_14:05:32
2017-06-17 01:19:50.600 2932 INFO nova.compute.manager [-] [instance: c9d9935e-g100-5544-b52f-f4eb8689373f] During sync_power_state the instance has a pending task (rebooting). Skip.,```,,### 2,```,nova-compute.log.1.2017-07-18_15:15:33
2017-07-18 02:29:51.601 2933 INFO nova.compute.manager [-] [instance: d0e0a46f-h101-6655-c63g-g5fc979a484g] During sync_power_state the instance has a pending task (resizing). Skip.,```,,### 3,```,nova-compute.log.1.2017-08-19_16:25:34
2017-08-19 03:39:52.602 2934 INFO nova.compute.manager [-] [instance: e1f1b57g-i102-7766-d74h-h6gd080b595h] During sync_power_state the instance has a pending task (migrating). Skip.,```,,### 4,```,nova-compute.log.1.2017-09-20_17:35:35
2017-09-20 04:49:53.603 2935 INFO nova.compute.manager [-] [instance: f2g2c68h-j103-8877-e85i-i7he191c6a6i] During sync_power_state the instance has a pending task (pausing). Skip.,```,,### 5,```,nova-compute.log.1.2017-10-21_18:45:36
2017-10-21 05:59:54.604 2936 INFO nova.compute.manager [-] [instance: g3h3d79i-k104-9988-f96j-j8if2a2d7b7j] During sync_power_state the instance has a pending task (suspending). Skip.,```,,### 6,```,nova-compute.log.1.2017-11-22_19:55:37
2017-11-22 06:09:55.605 2937 INFO nova.compute.manager [-] [instance: h4i4e8a-j105-1099-g07k-k9jg3b3e8c8k] During sync_power_state the instance has a pending task (deleting). Skip.,```,,### 7,```,nova-compute.log.1.2017-12-23_20:05:38
2017-12-23 07:19:56.606 2938 INFO nova.compute.manager [-] [instance: i5j5f9b-k106-1100-h18l-l0kh4c4f9d9l] During sync_power_state the instance has a pending task (unpausing). Skip.,```,,### 8,```,nova-compute.log.1.2018-01-24_21:15:39
2018-01-24 08:29:57.607 2939 INFO nova.compute.manager [-] [instance: j6k6g0c-l107-1211-i29m-m1li5d5g0e0m] During sync_power_state the instance has a pending task (resuming). Skip.,```,,### 9,```,nova-compute.log.1.2018-02-25_22:25:40
2018-02-25 09:39:58.608 2940 INFO nova.compute.manager [-] [instance: k7l7h1d-m108-1322-j30n-n2mj6e6h1f1n] During sync_power_state the instance has a pending task (rescued). Skip.,```,,### 10,```,nova-compute.log.1.2018-03-26_23:35:41
2018-03-26 10:49:59.609 2941 INFO nova.compute.manager [-] [instance: l8m8i2e-n109-1433-k41o-o3nk7f7i2g2o] During sync_power_state the instance has a pending task (unrescued). Skip.,```,,请注意，以上生成的实例 ID 只是示例，在实际应用中，实例 ID 通常是符合 UUID 规范的唯一标识符。这里只是简单构造了类似格式的字符串用于演示。 
